
> fsad@0.0.0 build
> vite build

[36mvite v7.3.1 [32mbuilding client environment for production...[36m[39m
transforming...
[32mΓ£ô[39m 3139 modules transformed.
node.exe : 
[31mΓ£ù[39m Build 
failed in 4.32s
At line:1 char:1
+ & "C:\Program 
Files\nodejs/node.exe" 
"C:\Users\gsred\AppData
\Roaming\ ...
+ ~~~~~~~~~~~~~~~~~~~~~
~~~~~~~~~~~~~~~~~~~~~~~
~~~~~~~~~~~~~~~~~~~~~~~
~~
    + CategoryInfo     
         : NotSpecifi  
  ed: ([31mΓ£ù[39m   
  Build failed in 4    
.32s:String) [], R    
emoteException
    + FullyQualifiedEr 
   rorId : NativeComm  
  andError
 
[31merror during 
build:
[31msrc/pages/SuperAdm
inDashboard.jsx 
(6:27): "Buildings" is 
not exported by "node_m
odules/lucide-react/dis
t/esm/lucide-react.js",
 imported by "src/pages
/SuperAdminDashboard.js
x".[31m
file: [36mD:/FSAD/src/
pages/SuperAdminDashboa
rd.jsx:6:27[31m
[33m
4: import { useAuth } 
from 
'../utils/AuthContext';
5: import { useToast } 
from 
'../components/Toast';
6: import { UserPlus, 
Shield, Buildings } 
from 'lucide-react';
                       
       ^
7: import { useForm } 
from 'react-hook-form';
8: import { 
zodResolver } from '@ho
okform/resolvers/zod';
[31m
    at getRollupError (
file:///D:/FSAD/node_mo
dules/rollup/dist/es/sh
ared/parseAst.js:402:41
)
    at error (file:///D
:/FSAD/node_modules/rol
lup/dist/es/shared/pars
eAst.js:398:42)
    at Module.error (fi
le:///D:/FSAD/node_modu
les/rollup/dist/es/shar
ed/node-entry.js:17040:
16)
    at 
Module.traceVariable (f
ile:///D:/FSAD/node_mod
ules/rollup/dist/es/sha
red/node-entry.js:17452
:29)
    at ModuleScope.find
Variable (file:///D:/FS
AD/node_modules/rollup/
dist/es/shared/node-ent
ry.js:15070:39)
    at ReturnValueScope
.findVariable (file:///
D:/FSAD/node_modules/ro
llup/dist/es/shared/nod
e-entry.js:5673:38)
    at FunctionBodyScop
e.findVariable (file://
/D:/FSAD/node_modules/r
ollup/dist/es/shared/no
de-entry.js:5673:38)
    at Identifier.bind 
(file:///D:/FSAD/node_m
odules/rollup/dist/es/s
hared/node-entry.js:544
7:40)
    at 
CallExpression.bind (fi
le:///D:/FSAD/node_modu
les/rollup/dist/es/shar
ed/node-entry.js:2825:2
8)
    at 
CallExpression.bind (fi
le:///D:/FSAD/node_modu
les/rollup/dist/es/shar
ed/node-entry.js:12179:
15)[39m
